// Jest Snapshot v1, https://goo.gl/fbAQLP

exports[`components <RenderRadio /> renders correctly 1`] = `
<fieldset
  className="field radio-group"
>
  <div>
    <div />
  </div>
  <div />
</fieldset>
`;

exports[`components <TextField /> renders correctly 1`] = `
<fieldset
  className="field"
>
  <legend />
  <input
    type="text"
    value={undefined}
  />
  <div />
</fieldset>
`;
